2026-10-04 13:00 A: nieuw 0x5089…26b4 (K=2)
2026-10-04 13:00 A: nieuw 0x48bb…8c9d (K=2)
2026-10-04 13:00 A: nieuw 0xad82…533d (K=1)
2026-10-04 13:00 A: nieuw 0x0f4f…834a (K=4)
2026-10-04 13:00 A: nieuw 0x7d93…620b (K=2)
2026-10-04 13:00 A: nieuw 0x84bb…00bb (K=2)
2026-10-04 13:00 A: nieuw 0x8726…3af9 (K=2)
2026-10-04 13:00 A: nieuw 0x03ce…8c76 (K=2)
2026-10-04 13:00 B: nieuw 0x7b77…3f66 (K=4)
2026-10-04 13:00 B: nieuw 0x2555…34b1 (K=3)
2026-10-04 13:00 B: nieuw 0x96d5…1127 (K=4)
2026-10-04 13:00 B: nieuw 0xe86d…6273 (K=3)
2026-10-04 13:00 B: nieuw 0xe4c5…2b1f (K=5)
2026-10-04 13:24 C: controlegroep gestart met 30 traders
2026-10-04 13:24 D: controlegroep gestart met 30 traders
2026-10-04 13:34 E: controlegroep gestart met 1 traders
2026-10-04 16:40 F: nieuw 0x1003…940c (K=2, winst-% 96.7)
2026-10-04 16:40 F: nieuw 0x718b…b568 (K=4, winst-% 88.9)
2026-10-04 16:40 F: nieuw 0xd57c…18ea (K=5, winst-% 82.9)
2026-10-04 16:40 F: nieuw 0x2555…34b1 (K=3, winst-% 81.6)
2026-10-04 16:40 F: nieuw 0xfeb1…b87a (K=4, winst-% 80.0)
2026-10-04 16:40 F: nieuw 0x478e…7ba7 (K=3, winst-% 79.4)
2026-10-04 16:40 F: nieuw 0x96d5…1127 (K=5, winst-% 76.0)
2026-10-04 16:40 F: nieuw 0x1165…1356 (K=5, winst-% 72.2)
2026-10-04 16:40 F: nieuw 0x01cd…d479 (K=3, winst-% 71.8)
2026-10-04 16:40 F: nieuw 0x9b10…4bff (K=3, winst-% 69.7)
